Running in Lattice mode


Starting:    C:\lscc\iCEcube2.2020.12\synpbase\bin64\mbin\synbatch.exe
Install:     C:\lscc\iCEcube2.2020.12\synpbase
Hostname:    CARLINHODF91
Date:        Tue Jun 09 15:31:40 2026
Version:     L-2016.09L+ice40

Arguments:   -product synplify_pro -batch c3_p1_and_gate_syn.prj
ProductType: synplify_pro





log file: "C:\lscc\iCEcube2.2020.12\sbt_backend\Projects\c3_p1_and_gate\c3_p1_and_gate_Implmnt\c3_p1_and_gate.srr"
Running: c3_p1_and_gate_Implmnt in foreground

Running c3_p1_and_gate_syn|c3_p1_and_gate_Implmnt

Running: compile (Compile) on c3_p1_and_gate_syn|c3_p1_and_gate_Implmnt
# Tue Jun 09 15:31:40 2026

Running: compile_flow (Compile Process) on c3_p1_and_gate_syn|c3_p1_and_gate_Implmnt
# Tue Jun 09 15:31:40 2026

Running: compiler (Compile Input) on c3_p1_and_gate_syn|c3_p1_and_gate_Implmnt
# Tue Jun 09 15:31:40 2026
Copied C:\lscc\iCEcube2.2020.12\sbt_backend\Projects\c3_p1_and_gate\c3_p1_and_gate_Implmnt\synwork\c3_p1_and_gate_comp.srs to C:\lscc\iCEcube2.2020.12\sbt_backend\Projects\c3_p1_and_gate\c3_p1_and_gate_Implmnt\c3_p1_and_gate.srs

compiler completed
# Tue Jun 09 15:31:42 2026

Return Code: 0
Run Time:00h:00m:02s

Running: multi_srs_gen (Multi-srs Generator) on c3_p1_and_gate_syn|c3_p1_and_gate_Implmnt
# Tue Jun 09 15:31:42 2026

multi_srs_gen completed
# Tue Jun 09 15:31:42 2026

Return Code: 0
Run Time:00h:00m:00s
Copied C:\lscc\iCEcube2.2020.12\sbt_backend\Projects\c3_p1_and_gate\c3_p1_and_gate_Implmnt\synwork\c3_p1_and_gate_mult.srs to C:\lscc\iCEcube2.2020.12\sbt_backend\Projects\c3_p1_and_gate\c3_p1_and_gate_Implmnt\c3_p1_and_gate.srs
Complete: Compile Process on c3_p1_and_gate_syn|c3_p1_and_gate_Implmnt

Running: premap (Pre-mapping) on c3_p1_and_gate_syn|c3_p1_and_gate_Implmnt
# Tue Jun 09 15:31:42 2026

premap completed
# Tue Jun 09 15:31:43 2026

Return Code: 0
Run Time:00h:00m:01s
Complete: Compile on c3_p1_and_gate_syn|c3_p1_and_gate_Implmnt

Running: map (Map) on c3_p1_and_gate_syn|c3_p1_and_gate_Implmnt
# Tue Jun 09 15:31:43 2026
License granted for 4 parallel jobs

Running: fpga_mapper (Map & Optimize) on c3_p1_and_gate_syn|c3_p1_and_gate_Implmnt
# Tue Jun 09 15:31:43 2026
Copied C:\lscc\iCEcube2.2020.12\sbt_backend\Projects\c3_p1_and_gate\c3_p1_and_gate_Implmnt\synwork\c3_p1_and_gate_m.srm to C:\lscc\iCEcube2.2020.12\sbt_backend\Projects\c3_p1_and_gate\c3_p1_and_gate_Implmnt\c3_p1_and_gate.srm

fpga_mapper completed
# Tue Jun 09 15:31:43 2026

Return Code: 0
Run Time:00h:00m:00s
Complete: Map on c3_p1_and_gate_syn|c3_p1_and_gate_Implmnt
Complete: Logic Synthesis on c3_p1_and_gate_syn|c3_p1_and_gate_Implmnt

exit status=0

exit status=0

