# ******************************************************************************

# iCEcube Static Timer

# Version:            2020.12.27943

# Build Date:         Dec  9 2020 17:33:20

# File Generated:     Jun 18 2026 14:23:40

# Purpose:            Timing Report with critical paths info

# Copyright (C) 2006-2010 by Lattice Semiconductor Corp. All rights reserved.

# ******************************************************************************

Device: iCE40HX1K
Derating factors (Best:Typical:Worst) :-  ( 0.563724 : 0.623363 : 0.701346 )
Derating factor used to generate this timing report:  Worst
Based on the following operating conditions 
Junction Temperature(degree Celsius): 85
Core Voltage(V): 1.14
Process Corner:  Worst
NOTE:
Please check both worst-case and best-case scenarios for "Setup Times" 
and "Hold Times" checks
 #####################################################################
                    Table of Contents
 =====================================================================
	1::Clock Frequency Summary
	2::Clock Relationship Summary
	3::Datasheet Report
		3.1::Setup Times
		3.2::Clock to Out
		3.3::Pad to Pad
		3.4::Hold Times
		3.5::Minimum Clock to Out
		3.6::Minimum Pad To Pad
	4::Path Details for Clock Frequency Summary
	5::Path Details for Clock Relationship Summary
	6::Path Details for DataSheet
		6.1::Setup Times Path Details
			6.1.1::Path details for port: i_Switch_1
			6.1.2::Path details for port: i_Switch_2
		6.2::Clock to Out Path Details
			6.2.1::Path details for port: o_LED_1
		6.3::PI to PO Path Details
		6.4::Hold Times Path Details
			6.4.1::Path details for port: i_Switch_1
			6.4.2::Path details for port: i_Switch_2
		6.5::Minimum Clock to Out Path Details
			6.5.1::Path details for port: o_LED_1
		6.6::Minimum Pad To Pad Path Details
 =====================================================================
                    End of Table of Contents
 #####################################################################

 #####################################################################
                    1::Clock Frequency Summary
 =====================================================================
Number of clocks: 1
Clock: i_Clk  | N/A  | Target: 25.00 MHz  | 

 =====================================================================
                    End of Clock Frequency Summary
 #####################################################################


 #####################################################################
                    2::Clock Relationship Summary
 =====================================================================

Launch Clock  Capture Clock  Constraint(R-R)  Slack(R-R)  Constraint(R-F)  Slack(R-F)  Constraint(F-F)  Slack(F-F)  Constraint(F-R)  Slack(F-R)  

 =====================================================================
                    End of Clock Relationship Summary
 #####################################################################


 #####################################################################
                    3::Datasheet Report

All values are in Picoseconds
 =====================================================================

                        3.1::Setup Times
                        ----------------

Data Port   Clock Port  Setup Times  Clock Reference:Phase  
----------  ----------  -----------  ---------------------  
i_Switch_1  i_Clk       815          i_Clk:R                
i_Switch_2  i_Clk       948          i_Clk:R                


                       3.2::Clock to Out
                       -----------------

Data Port  Clock Port  Clock to Out  Clock Reference:Phase  
---------  ----------  ------------  ---------------------  
o_LED_1    i_Clk       4955          i_Clk:R                


                         3.3::Pad to Pad
                         ---------------

Port Name (Input)  Port Name (Output)  Pad to Pad  
-----------------  ------------------  ----------  


                         3.4::Hold Times
                         ---------------

Data Port   Clock Port  Hold Times  Clock Reference:Phase  
----------  ----------  ----------  ---------------------  
i_Switch_1  i_Clk       -393        i_Clk:R                
i_Switch_2  i_Clk       -492        i_Clk:R                


               3.5::Minimum Clock to Out
               -------------------------

Data Port  Clock Port  Minimum Clock to Out  Clock Reference:Phase  
---------  ----------  --------------------  ---------------------  
o_LED_1    i_Clk       4865                  i_Clk:R                


                 3.6::Minimum Pad To Pad
                 -----------------------

Port Name (Input)  Port Name (Output)  Minimum Pad To Pad  
-----------------  ------------------  ------------------  

===================================================================== 
                    End of Datasheet Report
##################################################################### 
##################################################################### 
                    4::Path Details for Clock Frequency Summary

===================================================================== 
                    End of Path Details for Clock Frequency Summary
##################################################################### 


##################################################################### 
                    5::Path Details for Clock Relationship Summary
===================================================================== 


===================================================================== 
                    End of Path Details for Clock Relationship Summary
##################################################################### 


##################################################################### 
                    6::Path Details for DataSheet
===================================================================== 


6.1::Setup Times Path Details           
--------------------------------------------------

6.1.1::Path details for port: i_Switch_1
--------------------------------------------------

++++ Path 1 ++++++++++++++++++++++++++++++++++++++++++++++++++++++++++

Data Port         : i_Switch_1
Clock Port        : i_Clk
Clock Reference   : i_Clk:R
Setup Time        : 815


Data Path Delay                3199
+ Setup Time                     77
- Capture Clock Path Delay    -2461
---------------------------- ------
Setup to Clock                  815

Data Path
pin name                             model name                 delay  cummulative delay  edge  Fanout  
-----------------------------------  -------------------------  -----  -----------------  ----  ------  
i_Switch_1                           Led_Project                0      0                  RISE  1       
i_Switch_1_ibuf_iopad/PACKAGEPIN:in  IO_PAD                     0      0                  RISE  1       
i_Switch_1_ibuf_iopad/DOUT           IO_PAD                     590    590                RISE  1       
i_Switch_1_ibuf_preio/PADIN          PRE_IO_PIN_TYPE_000001     0      590                RISE  1       
i_Switch_1_ibuf_preio/DIN0           PRE_IO_PIN_TYPE_000001     617    1207               RISE  1       
I__12/I                              LocalMux                   0      1207               RISE  1       
I__12/O                              LocalMux                   330    1537               RISE  1       
I__13/I                              InMux                      0      1537               RISE  1       
I__13/O                              InMux                      259    1796               RISE  1       
r_AND_1_RNO_LC_12_4_0/in3            LogicCell40_SEQ_MODE_0000  0      1796               RISE  1       
r_AND_1_RNO_LC_12_4_0/lcout          LogicCell40_SEQ_MODE_0000  316    2112               RISE  1       
I__8/I                               Odrv4                      0      2112               RISE  1       
I__8/O                               Odrv4                      351    2463               RISE  1       
I__9/I                               Span4Mux_s0_h              0      2463               RISE  1       
I__9/O                               Span4Mux_s0_h              147    2610               RISE  1       
I__10/I                              LocalMux                   0      2610               RISE  1       
I__10/O                              LocalMux                   330    2940               RISE  1       
I__11/I                              IoInMux                    0      2940               RISE  1       
I__11/O                              IoInMux                    259    3199               RISE  1       
o_LED_1_obuf_preio/DOUT0(r_AND_1)    PRE_IO_PIN_TYPE_010101     0      3199               RISE  1       

Capture Clock Path
pin name                                            model name              delay  cummulative delay  edge  Fanout  
--------------------------------------------------  ----------------------  -----  -----------------  ----  ------  
i_Clk                                               Led_Project             0      0                  RISE  1       
i_Clk_ibuf_gb_io_iopad/PACKAGEPIN:in                IO_PAD                  0      0                  RISE  1       
i_Clk_ibuf_gb_io_iopad/DOUT                         IO_PAD                  590    590                RISE  1       
i_Clk_ibuf_gb_io_preiogbuf/PADSIGNALTOGLOBALBUFFER  PRE_IO_GBUF             0      590                RISE  1       
i_Clk_ibuf_gb_io_preiogbuf/GLOBALBUFFEROUTPUT       PRE_IO_GBUF             1408   1998               RISE  1       
I__16/I                                             gio2CtrlBuf             0      1998               RISE  1       
I__16/O                                             gio2CtrlBuf             0      1998               RISE  1       
I__17/I                                             GlobalMux               0      1998               RISE  1       
I__17/O                                             GlobalMux               154    2153               RISE  1       
I__18/I                                             ClkMux                  0      2153               RISE  1       
I__18/O                                             ClkMux                  309    2461               RISE  1       
o_LED_1_obuf_preio/OUTPUTCLK                        PRE_IO_PIN_TYPE_010101  0      2461               RISE  1       

6.1.2::Path details for port: i_Switch_2
--------------------------------------------------

++++ Path 1 ++++++++++++++++++++++++++++++++++++++++++++++++++++++++++

Data Port         : i_Switch_2
Clock Port        : i_Clk
Clock Reference   : i_Clk:R
Setup Time        : 948


Data Path Delay                3332
+ Setup Time                     77
- Capture Clock Path Delay    -2461
---------------------------- ------
Setup to Clock                  948

Data Path
pin name                             model name                 delay  cummulative delay  edge  Fanout  
-----------------------------------  -------------------------  -----  -----------------  ----  ------  
i_Switch_2                           Led_Project                0      0                  RISE  1       
i_Switch_2_ibuf_iopad/PACKAGEPIN:in  IO_PAD                     0      0                  RISE  1       
i_Switch_2_ibuf_iopad/DOUT           IO_PAD                     590    590                RISE  1       
i_Switch_2_ibuf_preio/PADIN          PRE_IO_PIN_TYPE_000001     0      590                RISE  1       
i_Switch_2_ibuf_preio/DIN0           PRE_IO_PIN_TYPE_000001     617    1207               RISE  1       
I__14/I                              LocalMux                   0      1207               RISE  1       
I__14/O                              LocalMux                   330    1537               RISE  1       
I__15/I                              InMux                      0      1537               RISE  1       
I__15/O                              InMux                      259    1796               RISE  1       
r_AND_1_RNO_LC_12_4_0/in0            LogicCell40_SEQ_MODE_0000  0      1796               RISE  1       
r_AND_1_RNO_LC_12_4_0/lcout          LogicCell40_SEQ_MODE_0000  449    2245               RISE  1       
I__8/I                               Odrv4                      0      2245               RISE  1       
I__8/O                               Odrv4                      351    2596               RISE  1       
I__9/I                               Span4Mux_s0_h              0      2596               RISE  1       
I__9/O                               Span4Mux_s0_h              147    2743               RISE  1       
I__10/I                              LocalMux                   0      2743               RISE  1       
I__10/O                              LocalMux                   330    3073               RISE  1       
I__11/I                              IoInMux                    0      3073               RISE  1       
I__11/O                              IoInMux                    259    3332               RISE  1       
o_LED_1_obuf_preio/DOUT0(r_AND_1)    PRE_IO_PIN_TYPE_010101     0      3332               RISE  1       

Capture Clock Path
pin name                                            model name              delay  cummulative delay  edge  Fanout  
--------------------------------------------------  ----------------------  -----  -----------------  ----  ------  
i_Clk                                               Led_Project             0      0                  RISE  1       
i_Clk_ibuf_gb_io_iopad/PACKAGEPIN:in                IO_PAD                  0      0                  RISE  1       
i_Clk_ibuf_gb_io_iopad/DOUT                         IO_PAD                  590    590                RISE  1       
i_Clk_ibuf_gb_io_preiogbuf/PADSIGNALTOGLOBALBUFFER  PRE_IO_GBUF             0      590                RISE  1       
i_Clk_ibuf_gb_io_preiogbuf/GLOBALBUFFEROUTPUT       PRE_IO_GBUF             1408   1998               RISE  1       
I__16/I                                             gio2CtrlBuf             0      1998               RISE  1       
I__16/O                                             gio2CtrlBuf             0      1998               RISE  1       
I__17/I                                             GlobalMux               0      1998               RISE  1       
I__17/O                                             GlobalMux               154    2153               RISE  1       
I__18/I                                             ClkMux                  0      2153               RISE  1       
I__18/O                                             ClkMux                  309    2461               RISE  1       
o_LED_1_obuf_preio/OUTPUTCLK                        PRE_IO_PIN_TYPE_010101  0      2461               RISE  1       

6.2::Clock to Out Path Details          
--------------------------------------------------

6.2.1::Path details for port: o_LED_1   
--------------------------------------------------

++++ Path 1 ++++++++++++++++++++++++++++++++++++++++++++++++++++++++++

Data Port          : o_LED_1
Clock Port         : i_Clk
Clock Reference    : i_Clk:R
Clock to Out Delay : 4955


Launch Clock Path Delay        2461
+ Clock To Q Delay              140
+ Data Path Delay              2353
---------------------------- ------
Clock To Out Delay             4955

Launch Clock Path
pin name                                            model name              delay  cummulative delay  edge  Fanout  
--------------------------------------------------  ----------------------  -----  -----------------  ----  ------  
i_Clk                                               Led_Project             0      0                  RISE  1       
i_Clk_ibuf_gb_io_iopad/PACKAGEPIN:in                IO_PAD                  0      0                  RISE  1       
i_Clk_ibuf_gb_io_iopad/DOUT                         IO_PAD                  590    590                RISE  1       
i_Clk_ibuf_gb_io_preiogbuf/PADSIGNALTOGLOBALBUFFER  PRE_IO_GBUF             0      590                RISE  1       
i_Clk_ibuf_gb_io_preiogbuf/GLOBALBUFFEROUTPUT       PRE_IO_GBUF             1408   1998               RISE  1       
I__16/I                                             gio2CtrlBuf             0      1998               RISE  1       
I__16/O                                             gio2CtrlBuf             0      1998               RISE  1       
I__17/I                                             GlobalMux               0      1998               RISE  1       
I__17/O                                             GlobalMux               154    2153               RISE  1       
I__18/I                                             ClkMux                  0      2153               RISE  1       
I__18/O                                             ClkMux                  309    2461               RISE  1       
o_LED_1_obuf_preio/OUTPUTCLK                        PRE_IO_PIN_TYPE_010101  0      2461               RISE  1       

Data Path
pin name                            model name              delay  cummulative delay  edge  Fanout  
----------------------------------  ----------------------  -----  -----------------  ----  ------  
o_LED_1_obuf_preio/PADOUT(r_AND_1)  PRE_IO_PIN_TYPE_010101  140    2602               FALL  1       
o_LED_1_obuf_iopad/DIN              IO_PAD                  0      2602               FALL  1       
o_LED_1_obuf_iopad/PACKAGEPIN:out   IO_PAD                  2353   4955               FALL  1       
o_LED_1                             Led_Project             0      4955               FALL  1       

6.4::Hold Times Path Details            
--------------------------------------------------

6.4.1::Path details for port: i_Switch_1
--------------------------------------------------

++++ Path 1 ++++++++++++++++++++++++++++++++++++++++++++++++++++++++++

Data Port         : i_Switch_1
Clock Port        : i_Clk
Clock Reference   : i_Clk:R
Hold Time         : -393


Capture Clock Path Delay       2461
+ Hold  Time                      0
- Data Path Delay             -2854
---------------------------- ------
Hold Time                      -393

Data Path
pin name                             model name                 delay  cummulative delay  edge  Fanout  
-----------------------------------  -------------------------  -----  -----------------  ----  ------  
i_Switch_1                           Led_Project                0      0                  FALL  1       
i_Switch_1_ibuf_iopad/PACKAGEPIN:in  IO_PAD                     0      0                  FALL  1       
i_Switch_1_ibuf_iopad/DOUT           IO_PAD                     540    540                FALL  1       
i_Switch_1_ibuf_preio/PADIN          PRE_IO_PIN_TYPE_000001     0      540                FALL  1       
i_Switch_1_ibuf_preio/DIN0           PRE_IO_PIN_TYPE_000001     463    1003               FALL  1       
I__12/I                              LocalMux                   0      1003               FALL  1       
I__12/O                              LocalMux                   309    1311               FALL  1       
I__13/I                              InMux                      0      1311               FALL  1       
I__13/O                              InMux                      217    1529               FALL  1       
r_AND_1_RNO_LC_12_4_0/in3            LogicCell40_SEQ_MODE_0000  0      1529               FALL  1       
r_AND_1_RNO_LC_12_4_0/lcout          LogicCell40_SEQ_MODE_0000  288    1816               FALL  1       
I__8/I                               Odrv4                      0      1816               FALL  1       
I__8/O                               Odrv4                      372    2188               FALL  1       
I__9/I                               Span4Mux_s0_h              0      2188               FALL  1       
I__9/O                               Span4Mux_s0_h              140    2328               FALL  1       
I__10/I                              LocalMux                   0      2328               FALL  1       
I__10/O                              LocalMux                   309    2637               FALL  1       
I__11/I                              IoInMux                    0      2637               FALL  1       
I__11/O                              IoInMux                    217    2854               FALL  1       
o_LED_1_obuf_preio/DOUT0(r_AND_1)    PRE_IO_PIN_TYPE_010101     0      2854               FALL  1       

Capture Clock Path
pin name                                            model name              delay  cummulative delay  edge  Fanout  
--------------------------------------------------  ----------------------  -----  -----------------  ----  ------  
i_Clk                                               Led_Project             0      0                  RISE  1       
i_Clk_ibuf_gb_io_iopad/PACKAGEPIN:in                IO_PAD                  0      0                  RISE  1       
i_Clk_ibuf_gb_io_iopad/DOUT                         IO_PAD                  590    590                RISE  1       
i_Clk_ibuf_gb_io_preiogbuf/PADSIGNALTOGLOBALBUFFER  PRE_IO_GBUF             0      590                RISE  1       
i_Clk_ibuf_gb_io_preiogbuf/GLOBALBUFFEROUTPUT       PRE_IO_GBUF             1408   1998               RISE  1       
I__16/I                                             gio2CtrlBuf             0      1998               RISE  1       
I__16/O                                             gio2CtrlBuf             0      1998               RISE  1       
I__17/I                                             GlobalMux               0      1998               RISE  1       
I__17/O                                             GlobalMux               154    2153               RISE  1       
I__18/I                                             ClkMux                  0      2153               RISE  1       
I__18/O                                             ClkMux                  309    2461               RISE  1       
o_LED_1_obuf_preio/OUTPUTCLK                        PRE_IO_PIN_TYPE_010101  0      2461               RISE  1       

6.4.2::Path details for port: i_Switch_2
--------------------------------------------------

++++ Path 1 ++++++++++++++++++++++++++++++++++++++++++++++++++++++++++

Data Port         : i_Switch_2
Clock Port        : i_Clk
Clock Reference   : i_Clk:R
Hold Time         : -492


Capture Clock Path Delay       2461
+ Hold  Time                      0
- Data Path Delay             -2953
---------------------------- ------
Hold Time                      -492

Data Path
pin name                             model name                 delay  cummulative delay  edge  Fanout  
-----------------------------------  -------------------------  -----  -----------------  ----  ------  
i_Switch_2                           Led_Project                0      0                  FALL  1       
i_Switch_2_ibuf_iopad/PACKAGEPIN:in  IO_PAD                     0      0                  FALL  1       
i_Switch_2_ibuf_iopad/DOUT           IO_PAD                     540    540                FALL  1       
i_Switch_2_ibuf_preio/PADIN          PRE_IO_PIN_TYPE_000001     0      540                FALL  1       
i_Switch_2_ibuf_preio/DIN0           PRE_IO_PIN_TYPE_000001     463    1003               FALL  1       
I__14/I                              LocalMux                   0      1003               FALL  1       
I__14/O                              LocalMux                   309    1311               FALL  1       
I__15/I                              InMux                      0      1311               FALL  1       
I__15/O                              InMux                      217    1529               FALL  1       
r_AND_1_RNO_LC_12_4_0/in0            LogicCell40_SEQ_MODE_0000  0      1529               FALL  1       
r_AND_1_RNO_LC_12_4_0/lcout          LogicCell40_SEQ_MODE_0000  386    1915               FALL  1       
I__8/I                               Odrv4                      0      1915               FALL  1       
I__8/O                               Odrv4                      372    2286               FALL  1       
I__9/I                               Span4Mux_s0_h              0      2286               FALL  1       
I__9/O                               Span4Mux_s0_h              140    2427               FALL  1       
I__10/I                              LocalMux                   0      2427               FALL  1       
I__10/O                              LocalMux                   309    2735               FALL  1       
I__11/I                              IoInMux                    0      2735               FALL  1       
I__11/O                              IoInMux                    217    2953               FALL  1       
o_LED_1_obuf_preio/DOUT0(r_AND_1)    PRE_IO_PIN_TYPE_010101     0      2953               FALL  1       

Capture Clock Path
pin name                                            model name              delay  cummulative delay  edge  Fanout  
--------------------------------------------------  ----------------------  -----  -----------------  ----  ------  
i_Clk                                               Led_Project             0      0                  RISE  1       
i_Clk_ibuf_gb_io_iopad/PACKAGEPIN:in                IO_PAD                  0      0                  RISE  1       
i_Clk_ibuf_gb_io_iopad/DOUT                         IO_PAD                  590    590                RISE  1       
i_Clk_ibuf_gb_io_preiogbuf/PADSIGNALTOGLOBALBUFFER  PRE_IO_GBUF             0      590                RISE  1       
i_Clk_ibuf_gb_io_preiogbuf/GLOBALBUFFEROUTPUT       PRE_IO_GBUF             1408   1998               RISE  1       
I__16/I                                             gio2CtrlBuf             0      1998               RISE  1       
I__16/O                                             gio2CtrlBuf             0      1998               RISE  1       
I__17/I                                             GlobalMux               0      1998               RISE  1       
I__17/O                                             GlobalMux               154    2153               RISE  1       
I__18/I                                             ClkMux                  0      2153               RISE  1       
I__18/O                                             ClkMux                  309    2461               RISE  1       
o_LED_1_obuf_preio/OUTPUTCLK                        PRE_IO_PIN_TYPE_010101  0      2461               RISE  1       

6.5::Min Clock to Out Path Details      
--------------------------------------------------

6.5.1::Path details for port: o_LED_1   
--------------------------------------------------

++++ Path 1 ++++++++++++++++++++++++++++++++++++++++++++++++++++++++++

Data Port          : o_LED_1
Clock Port         : i_Clk
Clock Reference    : i_Clk:R
Clock to Out Delay : 4865


Launch Clock Path Delay        2461
+ Clock To Q Delay              112
+ Data Path Delay              2291
---------------------------- ------
Clock To Out Delay             4865

Launch Clock Path
pin name                                            model name              delay  cummulative delay  edge  Fanout  
--------------------------------------------------  ----------------------  -----  -----------------  ----  ------  
i_Clk                                               Led_Project             0      0                  RISE  1       
i_Clk_ibuf_gb_io_iopad/PACKAGEPIN:in                IO_PAD                  0      0                  RISE  1       
i_Clk_ibuf_gb_io_iopad/DOUT                         IO_PAD                  590    590                RISE  1       
i_Clk_ibuf_gb_io_preiogbuf/PADSIGNALTOGLOBALBUFFER  PRE_IO_GBUF             0      590                RISE  1       
i_Clk_ibuf_gb_io_preiogbuf/GLOBALBUFFEROUTPUT       PRE_IO_GBUF             1408   1998               RISE  1       
I__16/I                                             gio2CtrlBuf             0      1998               RISE  1       
I__16/O                                             gio2CtrlBuf             0      1998               RISE  1       
I__17/I                                             GlobalMux               0      1998               RISE  1       
I__17/O                                             GlobalMux               154    2153               RISE  1       
I__18/I                                             ClkMux                  0      2153               RISE  1       
I__18/O                                             ClkMux                  309    2461               RISE  1       
o_LED_1_obuf_preio/OUTPUTCLK                        PRE_IO_PIN_TYPE_010101  0      2461               RISE  1       

Data Path
pin name                            model name              delay  cummulative delay  edge  Fanout  
----------------------------------  ----------------------  -----  -----------------  ----  ------  
o_LED_1_obuf_preio/PADOUT(r_AND_1)  PRE_IO_PIN_TYPE_010101  112    2574               RISE  1       
o_LED_1_obuf_iopad/DIN              IO_PAD                  0      2574               RISE  1       
o_LED_1_obuf_iopad/PACKAGEPIN:out   IO_PAD                  2292   4865               RISE  1       
o_LED_1                             Led_Project             0      4865               RISE  1       


 =====================================================================
                    End of Path Details for Datasheet
 #####################################################################

##################################################################### 
                    Detailed Setup Report for all timing paths 
===================================================================== 

++++ Path 1 ++++++++++++++++++++++++++++++++++++++++++++++++++++++++++ 

Path Begin       : i_Switch_1
Path End         : o_LED_1_obuf_preio/DOUT0(r_AND_1)
Capture Clock    : o_LED_1_obuf_preio/OUTPUTCLK
Setup Constraint : +INF
Path slack       : +INF

Capture Clock Arrival Time (i_Clk:R#1)    +INF
+ Capture Clock Source Latency               0
+ Capture Clock Path Delay                2461
- Setup Time                               -70
--------------------------------------   ----- 
End-of-path required time (ps)            +INF

Launch Clock Arrival Time (DEFAULT:R#0)      0
+ Launch Clock Source Latency                0
+ Input Delay                                0
+ Data Path Delay                         2904
---------------------------------------   ---- 
End-of-path arrival time (ps)             2904
 
Data path
pin name                             model name                 delay  cumulative delay  slack  edge  Fanout
-----------------------------------  -------------------------  -----  ----------------  -----  ----  ------
i_Switch_1                           Led_Project                    0                 0   +INF  RISE       1
i_Switch_1_ibuf_iopad/PACKAGEPIN:in  IO_PAD                         0                 0   +INF  RISE       1
i_Switch_1_ibuf_iopad/DOUT           IO_PAD                       590               590   +INF  RISE       1
i_Switch_1_ibuf_preio/PADIN          PRE_IO_PIN_TYPE_000001         0               590   +INF  RISE       1
i_Switch_1_ibuf_preio/DIN0           PRE_IO_PIN_TYPE_000001       463              1053   +INF  FALL       1
I__12/I                              LocalMux                       0              1053   +INF  FALL       1
I__12/O                              LocalMux                     309              1361   +INF  FALL       1
I__13/I                              InMux                          0              1361   +INF  FALL       1
I__13/O                              InMux                        217              1579   +INF  FALL       1
r_AND_1_RNO_LC_12_4_0/in3            LogicCell40_SEQ_MODE_0000      0              1579   +INF  FALL       1
r_AND_1_RNO_LC_12_4_0/lcout          LogicCell40_SEQ_MODE_0000    288              1866   +INF  FALL       1
I__8/I                               Odrv4                          0              1866   +INF  FALL       1
I__8/O                               Odrv4                        372              2238   +INF  FALL       1
I__9/I                               Span4Mux_s0_h                  0              2238   +INF  FALL       1
I__9/O                               Span4Mux_s0_h                140              2378   +INF  FALL       1
I__10/I                              LocalMux                       0              2378   +INF  FALL       1
I__10/O                              LocalMux                     309              2687   +INF  FALL       1
I__11/I                              IoInMux                        0              2687   +INF  FALL       1
I__11/O                              IoInMux                      217              2904   +INF  FALL       1
o_LED_1_obuf_preio/DOUT0(r_AND_1)    PRE_IO_PIN_TYPE_010101         0              2904   +INF  FALL       1

Capture Clock Path
pin name                                            model name              delay  cumulative delay  edge  Fanout
--------------------------------------------------  ----------------------  -----  ----------------  ----  ------
i_Clk                                               Led_Project                 0                 0  RISE       1
i_Clk_ibuf_gb_io_iopad/PACKAGEPIN:in                IO_PAD                      0                 0  RISE       1
i_Clk_ibuf_gb_io_iopad/DOUT                         IO_PAD                    590               590  RISE       1
i_Clk_ibuf_gb_io_preiogbuf/PADSIGNALTOGLOBALBUFFER  PRE_IO_GBUF                 0               590  RISE       1
i_Clk_ibuf_gb_io_preiogbuf/GLOBALBUFFEROUTPUT       PRE_IO_GBUF              1408              1998  RISE       1
I__16/I                                             gio2CtrlBuf                 0              1998  RISE       1
I__16/O                                             gio2CtrlBuf                 0              1998  RISE       1
I__17/I                                             GlobalMux                   0              1998  RISE       1
I__17/O                                             GlobalMux                 154              2153  RISE       1
I__18/I                                             ClkMux                      0              2153  RISE       1
I__18/O                                             ClkMux                    309              2461  RISE       1
o_LED_1_obuf_preio/OUTPUTCLK                        PRE_IO_PIN_TYPE_010101      0              2461  RISE       1



++++ Path 2 ++++++++++++++++++++++++++++++++++++++++++++++++++++++++++ 

Path Begin       : o_LED_1_obuf_preio/PADOUT(r_AND_1)
Path End         : o_LED_1
Setup Constraint : +INF
Path slack       : +INF

End-of-path required time (ps)           +INF

Launch Clock Arrival Time (i_Clk:R#1)      0
+ Launch Clock Source Latency              0
+ Launch Clock Path Delay               2461
+ Clock To Q                             112
+ Data Path Delay                       2291
-------------------------------------   ---- 
End-of-path arrival time (ps)           4865
 
Launch Clock Path
pin name                                            model name              delay  cumulative delay  edge  Fanout
--------------------------------------------------  ----------------------  -----  ----------------  ----  ------
i_Clk                                               Led_Project                 0                 0  RISE       1
i_Clk_ibuf_gb_io_iopad/PACKAGEPIN:in                IO_PAD                      0                 0  RISE       1
i_Clk_ibuf_gb_io_iopad/DOUT                         IO_PAD                    590               590  RISE       1
i_Clk_ibuf_gb_io_preiogbuf/PADSIGNALTOGLOBALBUFFER  PRE_IO_GBUF                 0               590  RISE       1
i_Clk_ibuf_gb_io_preiogbuf/GLOBALBUFFEROUTPUT       PRE_IO_GBUF              1408              1998  RISE       1
I__16/I                                             gio2CtrlBuf                 0              1998  RISE       1
I__16/O                                             gio2CtrlBuf                 0              1998  RISE       1
I__17/I                                             GlobalMux                   0              1998  RISE       1
I__17/O                                             GlobalMux                 154              2153  RISE       1
I__18/I                                             ClkMux                      0              2153  RISE       1
I__18/O                                             ClkMux                    309              2461  RISE       1
o_LED_1_obuf_preio/OUTPUTCLK                        PRE_IO_PIN_TYPE_010101      0              2461  RISE       1

Data path
pin name                            model name              delay  cumulative delay  slack  edge  Fanout
----------------------------------  ----------------------  -----  ----------------  -----  ----  ------
o_LED_1_obuf_preio/PADOUT(r_AND_1)  PRE_IO_PIN_TYPE_010101    112              2574   +INF  RISE       1
o_LED_1_obuf_iopad/DIN              IO_PAD                      0              2574   +INF  RISE       1
o_LED_1_obuf_iopad/PACKAGEPIN:out   IO_PAD                   2292              4865   +INF  RISE       1
o_LED_1                             Led_Project                 0              4865   +INF  RISE       1

===================================================================== 
                    End of Detailed Setup Report for all timing paths 
##################################################################### 

##################################################################### 
                    Detailed Hold Report for all timing paths 
===================================================================== 

++++ Path 1 ++++++++++++++++++++++++++++++++++++++++++++++++++++++++++ 

Path Begin       : i_Switch_1
Path End         : o_LED_1_obuf_preio/DOUT0(r_AND_1)
Capture Clock    : o_LED_1_obuf_preio/OUTPUTCLK
Hold Constraint  : -INF
Path slack       : +INF

Capture Clock Arrival Time (i_Clk:R#1)    -INF
+ Capture Clock Source Latency               0
+ Capture Clock Path Delay                2461
- Setup Time                                 0
--------------------------------------   ----- 
End-of-path required time (ps)            -INF

Launch Clock Arrival Time (DEFAULT:R#0)      0
+ Launch Clock Source Latency                0
+ Input Delay                                0
+ Data Path Delay                         2904
---------------------------------------   ---- 
End-of-path arrival time (ps)             2904
 
Data path
pin name                             model name                 delay  cumulative delay  slack  edge  Fanout
-----------------------------------  -------------------------  -----  ----------------  -----  ----  ------
i_Switch_1                           Led_Project                    0                 0   +INF  RISE       1
i_Switch_1_ibuf_iopad/PACKAGEPIN:in  IO_PAD                         0                 0   +INF  RISE       1
i_Switch_1_ibuf_iopad/DOUT           IO_PAD                       590               590   +INF  RISE       1
i_Switch_1_ibuf_preio/PADIN          PRE_IO_PIN_TYPE_000001         0               590   +INF  RISE       1
i_Switch_1_ibuf_preio/DIN0           PRE_IO_PIN_TYPE_000001       463              1053   +INF  FALL       1
I__12/I                              LocalMux                       0              1053   +INF  FALL       1
I__12/O                              LocalMux                     309              1361   +INF  FALL       1
I__13/I                              InMux                          0              1361   +INF  FALL       1
I__13/O                              InMux                        217              1579   +INF  FALL       1
r_AND_1_RNO_LC_12_4_0/in3            LogicCell40_SEQ_MODE_0000      0              1579   +INF  FALL       1
r_AND_1_RNO_LC_12_4_0/lcout          LogicCell40_SEQ_MODE_0000    288              1866   +INF  FALL       1
I__8/I                               Odrv4                          0              1866   +INF  FALL       1
I__8/O                               Odrv4                        372              2238   +INF  FALL       1
I__9/I                               Span4Mux_s0_h                  0              2238   +INF  FALL       1
I__9/O                               Span4Mux_s0_h                140              2378   +INF  FALL       1
I__10/I                              LocalMux                       0              2378   +INF  FALL       1
I__10/O                              LocalMux                     309              2687   +INF  FALL       1
I__11/I                              IoInMux                        0              2687   +INF  FALL       1
I__11/O                              IoInMux                      217              2904   +INF  FALL       1
o_LED_1_obuf_preio/DOUT0(r_AND_1)    PRE_IO_PIN_TYPE_010101         0              2904   +INF  FALL       1

Capture Clock Path
pin name                                            model name              delay  cumulative delay  edge  Fanout
--------------------------------------------------  ----------------------  -----  ----------------  ----  ------
i_Clk                                               Led_Project                 0                 0  RISE       1
i_Clk_ibuf_gb_io_iopad/PACKAGEPIN:in                IO_PAD                      0                 0  RISE       1
i_Clk_ibuf_gb_io_iopad/DOUT                         IO_PAD                    590               590  RISE       1
i_Clk_ibuf_gb_io_preiogbuf/PADSIGNALTOGLOBALBUFFER  PRE_IO_GBUF                 0               590  RISE       1
i_Clk_ibuf_gb_io_preiogbuf/GLOBALBUFFEROUTPUT       PRE_IO_GBUF              1408              1998  RISE       1
I__16/I                                             gio2CtrlBuf                 0              1998  RISE       1
I__16/O                                             gio2CtrlBuf                 0              1998  RISE       1
I__17/I                                             GlobalMux                   0              1998  RISE       1
I__17/O                                             GlobalMux                 154              2153  RISE       1
I__18/I                                             ClkMux                      0              2153  RISE       1
I__18/O                                             ClkMux                    309              2461  RISE       1
o_LED_1_obuf_preio/OUTPUTCLK                        PRE_IO_PIN_TYPE_010101      0              2461  RISE       1



++++ Path 2 ++++++++++++++++++++++++++++++++++++++++++++++++++++++++++ 

Path Begin       : o_LED_1_obuf_preio/PADOUT(r_AND_1)
Path End         : o_LED_1
Hold Constraint  : -INF
Path slack       : +INF

End-of-path required time (ps)           +INF

Launch Clock Arrival Time (i_Clk:R#1)      0
+ Launch Clock Source Latency              0
+ Launch Clock Path Delay               2461
+ Clock To Q                             112
+ Data Path Delay                       2291
-------------------------------------   ---- 
End-of-path arrival time (ps)           4865
 
Launch Clock Path
pin name                                            model name              delay  cumulative delay  edge  Fanout
--------------------------------------------------  ----------------------  -----  ----------------  ----  ------
i_Clk                                               Led_Project                 0                 0  RISE       1
i_Clk_ibuf_gb_io_iopad/PACKAGEPIN:in                IO_PAD                      0                 0  RISE       1
i_Clk_ibuf_gb_io_iopad/DOUT                         IO_PAD                    590               590  RISE       1
i_Clk_ibuf_gb_io_preiogbuf/PADSIGNALTOGLOBALBUFFER  PRE_IO_GBUF                 0               590  RISE       1
i_Clk_ibuf_gb_io_preiogbuf/GLOBALBUFFEROUTPUT       PRE_IO_GBUF              1408              1998  RISE       1
I__16/I                                             gio2CtrlBuf                 0              1998  RISE       1
I__16/O                                             gio2CtrlBuf                 0              1998  RISE       1
I__17/I                                             GlobalMux                   0              1998  RISE       1
I__17/O                                             GlobalMux                 154              2153  RISE       1
I__18/I                                             ClkMux                      0              2153  RISE       1
I__18/O                                             ClkMux                    309              2461  RISE       1
o_LED_1_obuf_preio/OUTPUTCLK                        PRE_IO_PIN_TYPE_010101      0              2461  RISE       1

Data path
pin name                            model name              delay  cumulative delay  slack  edge  Fanout
----------------------------------  ----------------------  -----  ----------------  -----  ----  ------
o_LED_1_obuf_preio/PADOUT(r_AND_1)  PRE_IO_PIN_TYPE_010101    112              2574   +INF  RISE       1
o_LED_1_obuf_iopad/DIN              IO_PAD                      0              2574   +INF  RISE       1
o_LED_1_obuf_iopad/PACKAGEPIN:out   IO_PAD                   2292              4865   +INF  RISE       1
o_LED_1                             Led_Project                 0              4865   +INF  RISE       1

===================================================================== 
                    End of Detailed Hold Report for all timing paths 
##################################################################### 

##################################################################### 
                    End of Timing Report 
##################################################################### 

