Running in Lattice mode


Starting:    C:\lscc\iCEcube2.2020.12\synpbase\bin64\mbin\synbatch.exe
Install:     C:\lscc\iCEcube2.2020.12\synpbase
Hostname:    CARLINHODF91
Date:        Thu Jun 04 15:16:47 2026
Version:     L-2016.09L+ice40

Arguments:   -product synplify_pro -batch c2_p1_Projects_and_Leds_syn.prj
ProductType: synplify_pro





log file: "C:\lscc\iCEcube2.2020.12\sbt_backend\Projects\c2_p1_Projects_and_Leds\c2_p1_Projects_and_Leds_Implmnt\c2_p1_Projects_and_Leds.srr"
Running: c2_p1_Projects_and_Leds_Implmnt in foreground

Running c2_p1_Projects_and_Leds_syn|c2_p1_Projects_and_Leds_Implmnt

Running: compile (Compile) on c2_p1_Projects_and_Leds_syn|c2_p1_Projects_and_Leds_Implmnt
# Thu Jun 04 15:16:47 2026

Running: compile_flow (Compile Process) on c2_p1_Projects_and_Leds_syn|c2_p1_Projects_and_Leds_Implmnt
# Thu Jun 04 15:16:47 2026

Running: compiler (Compile Input) on c2_p1_Projects_and_Leds_syn|c2_p1_Projects_and_Leds_Implmnt
# Thu Jun 04 15:16:47 2026
Copied C:\lscc\iCEcube2.2020.12\sbt_backend\Projects\c2_p1_Projects_and_Leds\c2_p1_Projects_and_Leds_Implmnt\synwork\c2_p1_Projects_and_Leds_comp.srs to C:\lscc\iCEcube2.2020.12\sbt_backend\Projects\c2_p1_Projects_and_Leds\c2_p1_Projects_and_Leds_Implmnt\c2_p1_Projects_and_Leds.srs

compiler completed
# Thu Jun 04 15:16:49 2026

Return Code: 0
Run Time:00h:00m:02s

Running: multi_srs_gen (Multi-srs Generator) on c2_p1_Projects_and_Leds_syn|c2_p1_Projects_and_Leds_Implmnt
# Thu Jun 04 15:16:49 2026

multi_srs_gen completed
# Thu Jun 04 15:16:49 2026

Return Code: 0
Run Time:00h:00m:00s
Copied C:\lscc\iCEcube2.2020.12\sbt_backend\Projects\c2_p1_Projects_and_Leds\c2_p1_Projects_and_Leds_Implmnt\synwork\c2_p1_Projects_and_Leds_mult.srs to C:\lscc\iCEcube2.2020.12\sbt_backend\Projects\c2_p1_Projects_and_Leds\c2_p1_Projects_and_Leds_Implmnt\c2_p1_Projects_and_Leds.srs
Complete: Compile Process on c2_p1_Projects_and_Leds_syn|c2_p1_Projects_and_Leds_Implmnt

Running: premap (Pre-mapping) on c2_p1_Projects_and_Leds_syn|c2_p1_Projects_and_Leds_Implmnt
# Thu Jun 04 15:16:49 2026

premap completed
# Thu Jun 04 15:16:50 2026

Return Code: 0
Run Time:00h:00m:01s
Complete: Compile on c2_p1_Projects_and_Leds_syn|c2_p1_Projects_and_Leds_Implmnt

Running: map (Map) on c2_p1_Projects_and_Leds_syn|c2_p1_Projects_and_Leds_Implmnt
# Thu Jun 04 15:16:50 2026
License granted for 4 parallel jobs

Running: fpga_mapper (Map & Optimize) on c2_p1_Projects_and_Leds_syn|c2_p1_Projects_and_Leds_Implmnt
# Thu Jun 04 15:16:50 2026
Copied C:\lscc\iCEcube2.2020.12\sbt_backend\Projects\c2_p1_Projects_and_Leds\c2_p1_Projects_and_Leds_Implmnt\synwork\c2_p1_Projects_and_Leds_m.srm to C:\lscc\iCEcube2.2020.12\sbt_backend\Projects\c2_p1_Projects_and_Leds\c2_p1_Projects_and_Leds_Implmnt\c2_p1_Projects_and_Leds.srm

fpga_mapper completed
# Thu Jun 04 15:16:50 2026

Return Code: 0
Run Time:00h:00m:00s
Complete: Map on c2_p1_Projects_and_Leds_syn|c2_p1_Projects_and_Leds_Implmnt
Complete: Logic Synthesis on c2_p1_Projects_and_Leds_syn|c2_p1_Projects_and_Leds_Implmnt

exit status=0

exit status=0

