* ******************************************************************************

* iCEcube Report

* Version:            2020.12.27943

* Build Date:         Dec  9 2020 17:31:51

* File Generated:     Jun 18 2026 14:23:38

* Purpose:            General info of design implementation

* Copyright (C) 2006-2010 by Lattice Semiconductor Corp. All rights reserved.

* ******************************************************************************

Synthesis/Placement Summary:
----------------------------
    Status:  Successful
    Runtime: 0 seconds

Device Info:
------------
    Device Family: iCE40
    Device:        iCE40HX1K
    Package:       VQ100

Design statistics:
------------------
    FFs:                  0
    LUTs:                 1
    RAMs:                 0
    IOBs:                 4
    GBs:                  1
    PLLs:                 0
    Warm Boots:           0

Logic Resource Utilization:
---------------------------
    Total Logic Cells: 1/1280
        Combinational Logic Cells: 1        out of   1280      0.078125%
        Sequential Logic Cells:    0        out of   1280      0%
        Logic Tiles:               1        out of   160       0.625%
    Registers: 
        Logic Registers:           0        out of   1280      0%
        IO Registers:              1        out of   560       0.178571
    Block RAMs:                    0        out of   16        0%
    Warm Boots:                    0        out of   1         0%
    Pins:
        Input Pins:                3        out of   72        4.16667%
        Output Pins:               1        out of   72        1.38889%
        InOut Pins:                0        out of   72        0%
    Global Buffers:                1        out of   8         12.5%
    PLLs:                          0        out of   0       

IO Bank Utilization:
--------------------
    Bank 3: 1        out of   18        5.55556%
    Bank 1: 3        out of   19        15.7895%
    Bank 0: 0        out of   19        0%
    Bank 2: 0        out of   16        0%

Detailed I/O Info:
------------------
    Input Pins: 
    Pin Number  Direction  IO Standard  Pull Up  IO Bank  IO Function        Signal Name 
    ----------  ---------  -----------  -------  -------  -----------        ----------- 
    15          Input      SB_LVCMOS    No       3        Simple Input       i_Clk       
    51          Input      SB_LVCMOS    No       1        Simple Input       i_Switch_2  
    53          Input      SB_LVCMOS    No       1        Simple Input       i_Switch_1  

    Output Pins: 
    Pin Number  Direction  IO Standard  Pull Up  IO Bank  IO Function        Signal Name 
    ----------  ---------  -----------  -------  -------  -----------        ----------- 
    56          Output     SB_LVCMOS    No       1        Output Registered  o_LED_1     

Detailed Global Buffer Info:
----------------------------
    Buffer Number  IO Bank  Driven By  Fanout  Signal Name
    -------------  -------  ---------  ------  -----------
    1              3        IO         1       i_Clk_c_g  


Router Summary:
---------------
    Status:  Successful
    Runtime: 1 seconds

Routing Resource Utilization:
-----------------------------
              Local line of tile       11 out of  28666      0.038373%
                          Span 4        2 out of   6944      0.0288018%
                  Global network        1 out of      8      12.5%
      Vertical Inter-LUT Connect        0 out of   1120      0%

